---
source: crates/tui/tests/snapshots.rs
expression: text
---
A1  fx Hello
    │   A    │   B    │   C    │   D    │   E    │   F    │   G    │   H    │ I
   1│Hello   │  1234.5│TRUE    │overflows into next       │        │        │
   2│    2469│        │        │        │        │        │        │        │
   3│#DIV/0! │        │        │        │        │        │        │        │
   4│        │        │        │        │        │        │        │        │
   5│        │        │        │        │        │        │        │        │
   6│        │        │        │        │        │        │        │        │
   7│        │        │        │        │        │        │        │        │
   8│        │        │        │        │        │        │        │        │
   9│        │        │        │        │        │        │        │        │
  10│        │        │        │        │        │        │        │        │
  11│        │        │        │        │        │        │        │        │
  12│        │        │        │        │        │        │        │        │
  13│        │        │        │        │        │        │        │        │
  14│        │        │        │        │        │        │        │        │
  15│        │        │        │        │        │        │        │        │
  16│        │        │        │        │        │        │        │        │
  17│        │        │        │        │        │        │        │        │
  18│        │        │        │        │        │        │        │        │
  19│        │        │        │        │        │        │        │        │
  20│        │        │        │        │        │        │        │        │
  21│        │        │        │        │        │        │        │        │
READY  A1  Cnt 1  Auto  *  catppuccin-latte  100%  AI: off · omacell ai setup
