---
source: crates/cli/tests/help.rs
expression: "help(&[\"keys\", \"--help\"])"
---
Keymap / Hyprland conflict check

Usage: omacell keys [OPTIONS] <COMMAND>

Commands:
  check  Compare classic chords to Hyprland `bindings.lua`

Options:
      --json                  Machine-readable stdout (and stderr errors)
      --dry-run               Validate writes without changing files
      --set <KEY=VALUE>       Overlay a dotted config key (`appearance.grid_lines=false`). Repeatable
      --config <FILE>         Explicit config file; replaces `$XDG_CONFIG_HOME/omacell/config.toml`
      --theme <FILE>          Explicit Omacell role overlay TOML; wins over `OMACELL_THEME`
  -q, --quiet                 Suppress non-error human output
  -v, --verbose...            Increase log verbosity
      --from-workbook <FILE>  Workbook whose frozen settings overlay configuration
  -h, --help                  Print help
