---
source: crates/cli/tests/help.rs
expression: "help(&[\"--help\"])"
---
A spreadsheet for Omarchy Linux

Usage: omacell [OPTIONS] [FILE]... [COMMAND]

Commands:
  convert    Convert `.xlsx`/`.xlsm`/`.xls`, CSV/TSV, OMC, ODS, JSON, Parquet, HTML/Markdown, or PDF
  query      Print a range as json, csv, or markdown
  set        Set a cell or range from formula-bar text
  eval       Evaluate a formula in a workbook
  recalc     Recalculate a workbook
  run        Run a Lua script (WP-20)
  trust      Embedded-script trust store (WP-20)
  fn         Function catalog
  config     Configuration
  theme      Theme inspection and reload
  keys       Keymap / Hyprland conflict check
  setup      Omarchy integration
  commands   List registered commands and JSON schemas
  ipc        Talk to a running instance
  changeset  Changesets on a running instance
  diff       Semantic `.xlsx` diff
  audit      Deterministic audit (WP-19)
  ai         AI provider, card, plans, log, and usage
  agent      Hand off to the Omarchy default agent
  mcp        MCP server (stdio, or `--socket`)

Arguments:
  [FILE]...  Workbook paths. With no subcommand, opens the graphical UI

Options:
      --json                  Machine-readable stdout (and stderr errors)
      --dry-run               Validate writes without changing files
      --set <KEY=VALUE>       Overlay a dotted config key (`appearance.grid_lines=false`). Repeatable
      --config <FILE>         Explicit config file; replaces `$XDG_CONFIG_HOME/omacell/config.toml`
      --theme <FILE>          Explicit Omacell role overlay TOML; wins over `OMACELL_THEME`
  -q, --quiet                 Suppress non-error human output
  -v, --verbose...            Increase log verbosity
      --tui                   Open the terminal UI
      --from-workbook <FILE>  Workbook whose frozen settings overlay configuration
  -h, --help                  Print help
  -V, --version               Print version
