---
source: crates/cli/tests/help.rs
expression: "help(&[\"run\", \"--help\"])"
---
Run a Lua script (WP-20)

Usage: omacell run [OPTIONS] <SCRIPT> [BOOK]

Arguments:
  <SCRIPT>  Script path (workbook path when `--embedded`)
  [BOOK]    Workbook path (optional with `--embedded`)

Options:
      --embedded              Run the workbook's embedded script (`xl/omacell/scripts/main.lua`)
      --json                  Machine-readable stdout (and stderr errors)
      --dry-run               Validate writes without changing files
      --python                Experimental Python subprocess speaking JSON-lines over stdio
      --set <KEY=VALUE>       Overlay a dotted config key (`appearance.grid_lines=false`). Repeatable
      --config <FILE>         Explicit config file; replaces `$XDG_CONFIG_HOME/omacell/config.toml`
      --theme <FILE>          Explicit Omacell role overlay TOML; wins over `OMACELL_THEME`
  -q, --quiet                 Suppress non-error human output
  -v, --verbose...            Increase log verbosity
      --from-workbook <FILE>  Workbook whose frozen settings overlay configuration
  -h, --help                  Print help
