---
source: crates/cli/tests/help.rs
expression: "help(&[\"convert\", \"--help\"])"
---
Convert a workbook between `.xlsx`, CSV, `.omc`, ODS, JSON, and PDF

Usage: omacell convert [OPTIONS] <INPUT> <OUTPUT>

Arguments:
  <INPUT>   Input path
  <OUTPUT>  Output path (extension selects format)

Options:
      --json                  Machine-readable stdout (and stderr errors)
      --sheet <SHEET>         Sheet name
      --dry-run               Validate writes without changing files
      --range <RANGE>         A1 range to export
      --plan <FILE>           Shared WP-08 CSV import plan JSON
      --set <KEY=VALUE>       Overlay a dotted config key (`appearance.grid_lines=false`). Repeatable
      --config <FILE>         Explicit config file; replaces `~/.config/omacell/config.toml`
      --jq <PATH>             jq-style dotted path into a JSON array (`.items`)
      --theme <FILE>          Explicit theme `colors.toml`; wins over `OMACELL_THEME`
  -q, --quiet                 Suppress non-error human output
  -v, --verbose...            Increase log verbosity
      --from-workbook <FILE>  Workbook whose frozen settings overlay configuration
  -h, --help                  Print help
